// Jest Snapshot v1, https://goo.gl/fbAQLP

exports[`card renders as expected 1`] = `
Object {
  "asFragment": [Function],
  "baseElement": <body>
    <div>
      <div
        class="item b1Card"
        data-testid="card"
      >
        <div
          class="content"
        >
          <div
            class="header"
          >
            1
          </div>
          <div>
            <b>
              mprn
            </b>
            : 
            mprn1
          </div>
          <div>
            <b>
              mpan
            </b>
            : 
            mpan1
          </div>
          <div>
            <b>
              job appointment date
            </b>
            : 
            jad1
          </div>
          <div>
            <b>
              job type code
            </b>
            : 
            jtc1
          </div>
        </div>
        <i
          class="trash alternate outline icon"
          data-testid="bin"
          style="color: red; margin-top: 7px;"
        />
      </div>
    </div>
  </body>,
  "container": <div>
    <div
      class="item b1Card"
      data-testid="card"
    >
      <div
        class="content"
      >
        <div
          class="header"
        >
          1
        </div>
        <div>
          <b>
            mprn
          </b>
          : 
          mprn1
        </div>
        <div>
          <b>
            mpan
          </b>
          : 
          mpan1
        </div>
        <div>
          <b>
            job appointment date
          </b>
          : 
          jad1
        </div>
        <div>
          <b>
            job type code
          </b>
          : 
          jtc1
        </div>
      </div>
      <i
        class="trash alternate outline icon"
        data-testid="bin"
        style="color: red; margin-top: 7px;"
      />
    </div>
  </div>,
  "debug": [Function],
  "findAllByAltText": [Function],
  "findAllByDisplayValue": [Function],
  "findAllByLabelText": [Function],
  "findAllByPlaceholderText": [Function],
  "findAllByRole": [Function],
  "findAllByTestId": [Function],
  "findAllByText": [Function],
  "findAllByTitle": [Function],
  "findByAltText": [Function],
  "findByDisplayValue": [Function],
  "findByLabelText": [Function],
  "findByPlaceholderText": [Function],
  "findByRole": [Function],
  "findByTestId": [Function],
  "findByText": [Function],
  "findByTitle": [Function],
  "getAllByAltText": [Function],
  "getAllByDisplayValue": [Function],
  "getAllByLabelText": [Function],
  "getAllByPlaceholderText": [Function],
  "getAllByRole": [Function],
  "getAllByTestId": [Function],
  "getAllByText": [Function],
  "getAllByTitle": [Function],
  "getByAltText": [Function],
  "getByDisplayValue": [Function],
  "getByLabelText": [Function],
  "getByPlaceholderText": [Function],
  "getByRole": [Function],
  "getByTestId": [Function],
  "getByText": [Function],
  "getByTitle": [Function],
  "queryAllByAltText": [Function],
  "queryAllByDisplayValue": [Function],
  "queryAllByLabelText": [Function],
  "queryAllByPlaceholderText": [Function],
  "queryAllByRole": [Function],
  "queryAllByTestId": [Function],
  "queryAllByText": [Function],
  "queryAllByTitle": [Function],
  "queryByAltText": [Function],
  "queryByDisplayValue": [Function],
  "queryByLabelText": [Function],
  "queryByPlaceholderText": [Function],
  "queryByRole": [Function],
  "queryByTestId": [Function],
  "queryByText": [Function],
  "queryByTitle": [Function],
  "rerender": [Function],
  "unmount": [Function],
}
`;
