// Jest Snapshot v1, https://goo.gl/fbAQLP

exports[`if there is input, render as expected 1`] = `
Object {
  "asFragment": [Function],
  "baseElement": <body>
    <div>
      <div
        class="b1Window three column row"
      >
        <div
          class="column"
        >
          <h1>
            Electricity
          </h1>
          <div>
            appointmentId
            : 
            1331183424
          </div>
          <div>
            roleCode
            : 
            M
          </div>
          <div>
            serialNumber
            : 
            17K0068052
          </div>
          <div>
            meterOperatingMode
            : 
            S1
          </div>
        </div>
        <div
          class="column"
        >
          <h1>
            Gas
          </h1>
          <div>
            serialNumber
            : 
            G4K00122521706
          </div>
          <div>
            modelCode
            : 
            BK-G4E
          </div>
          <div>
            manufacturerCode
            : 
            ELM
          </div>
          <div>
            meterType
            : 
            S
          </div>
          <div>
            paymentMethod
            : 
            CR
          </div>
        </div>
        <div
          class="column"
        >
          <a
            download="B1.csv"
          >
            <button
              class="downloadButton ui button green"
            >
              Download
            </button>
          </a>
        </div>
      </div>
    </div>
  </body>,
  "container": <div>
    <div
      class="b1Window three column row"
    >
      <div
        class="column"
      >
        <h1>
          Electricity
        </h1>
        <div>
          appointmentId
          : 
          1331183424
        </div>
        <div>
          roleCode
          : 
          M
        </div>
        <div>
          serialNumber
          : 
          17K0068052
        </div>
        <div>
          meterOperatingMode
          : 
          S1
        </div>
      </div>
      <div
        class="column"
      >
        <h1>
          Gas
        </h1>
        <div>
          serialNumber
          : 
          G4K00122521706
        </div>
        <div>
          modelCode
          : 
          BK-G4E
        </div>
        <div>
          manufacturerCode
          : 
          ELM
        </div>
        <div>
          meterType
          : 
          S
        </div>
        <div>
          paymentMethod
          : 
          CR
        </div>
      </div>
      <div
        class="column"
      >
        <a
          download="B1.csv"
        >
          <button
            class="downloadButton ui button green"
          >
            Download
          </button>
        </a>
      </div>
    </div>
  </div>,
  "debug": [Function],
  "findAllByAltText": [Function],
  "findAllByDisplayValue": [Function],
  "findAllByLabelText": [Function],
  "findAllByPlaceholderText": [Function],
  "findAllByRole": [Function],
  "findAllByTestId": [Function],
  "findAllByText": [Function],
  "findAllByTitle": [Function],
  "findByAltText": [Function],
  "findByDisplayValue": [Function],
  "findByLabelText": [Function],
  "findByPlaceholderText": [Function],
  "findByRole": [Function],
  "findByTestId": [Function],
  "findByText": [Function],
  "findByTitle": [Function],
  "getAllByAltText": [Function],
  "getAllByDisplayValue": [Function],
  "getAllByLabelText": [Function],
  "getAllByPlaceholderText": [Function],
  "getAllByRole": [Function],
  "getAllByTestId": [Function],
  "getAllByText": [Function],
  "getAllByTitle": [Function],
  "getByAltText": [Function],
  "getByDisplayValue": [Function],
  "getByLabelText": [Function],
  "getByPlaceholderText": [Function],
  "getByRole": [Function],
  "getByTestId": [Function],
  "getByText": [Function],
  "getByTitle": [Function],
  "queryAllByAltText": [Function],
  "queryAllByDisplayValue": [Function],
  "queryAllByLabelText": [Function],
  "queryAllByPlaceholderText": [Function],
  "queryAllByRole": [Function],
  "queryAllByTestId": [Function],
  "queryAllByText": [Function],
  "queryAllByTitle": [Function],
  "queryByAltText": [Function],
  "queryByDisplayValue": [Function],
  "queryByLabelText": [Function],
  "queryByPlaceholderText": [Function],
  "queryByRole": [Function],
  "queryByTestId": [Function],
  "queryByText": [Function],
  "queryByTitle": [Function],
  "rerender": [Function],
  "unmount": [Function],
}
`;
