// Jest Snapshot v1, https://goo.gl/fbAQLP

exports[`App renders as expected 1`] = `
Object {
  "asFragment": [Function],
  "baseElement": <body>
    <div>
      <div
        class="ui vertically divided grid"
      >
        <div
          class="one column row"
        >
          <div
            class="ui fixed menu"
          >
            <div
              class="ui container center"
            >
              <h1>
                B1 File Creator
              </h1>
            </div>
          </div>
        </div>
        <div
          class="two column row"
        >
          <div
            class="column"
          >
            <div
              class="ui main"
            >
              <h1
                class="title"
              >
                Input B1 data
              </h1>
              <form
                class="ui form"
              >
                <div
                  class="field"
                >
                  <label>
                    MPAN
                  </label>
                  <input
                    data-testid="mpan"
                    name="mpan"
                    placeholder="mpan"
                    type="text"
                    value=""
                  />
                </div>
                <div
                  class="field"
                >
                  <label>
                    MPRN
                  </label>
                  <input
                    data-testid="mprn"
                    name="mprn"
                    placeholder="mprn"
                    type="text"
                    value=""
                  />
                </div>
                <div
                  class="field"
                >
                  <label>
                    Job Appointment Date
                  </label>
                  <input
                    data-testid="jad"
                    name="jad"
                    placeholder="jad"
                    type="date"
                    value=""
                  />
                </div>
                <div
                  class="field"
                >
                  <label>
                    Job Type Code
                  </label>
                  <input
                    data-testid="jtc"
                    name="jtc"
                    placeholder="jtc"
                    type="text"
                    value=""
                  />
                </div>
              </form>
              <button
                class="ui button blue"
                disabled=""
              >
                Process B1 file
              </button>
              <button
                class="ui button grey"
              >
                Reset
              </button>
            </div>
          </div>
          <div
            class="column"
          >
            <h1>
              Previous files
            </h1>
            <div
              class="ui celled list inputList"
            >
              <div
                class="item b1Card"
                data-testid="card"
              >
                <div
                  class="content"
                >
                  <div
                    class="header"
                  >
                    1
                  </div>
                  <div>
                    <b>
                      mprn
                    </b>
                    : 
                    7471856205
                  </div>
                  <div>
                    <b>
                      mpan
                    </b>
                    : 
                    1591029068761
                  </div>
                  <div>
                    <b>
                      job appointment date
                    </b>
                    : 
                    jad1
                  </div>
                  <div>
                    <b>
                      job type code
                    </b>
                    : 
                    jtc1
                  </div>
                </div>
                <i
                  class="trash alternate outline icon"
                  data-testid="bin"
                  style="color: red; margin-top: 7px;"
                />
              </div>
              <div
                class="item b1Card"
                data-testid="card"
              >
                <div
                  class="content"
                >
                  <div
                    class="header"
                  >
                    2
                  </div>
                  <div>
                    <b>
                      mprn
                    </b>
                    : 
                    mprn2
                  </div>
                  <div>
                    <b>
                      mpan
                    </b>
                    : 
                    mpan2
                  </div>
                  <div>
                    <b>
                      job appointment date
                    </b>
                    : 
                    jad2
                  </div>
                  <div>
                    <b>
                      job type code
                    </b>
                    : 
                    jtc2
                  </div>
                </div>
                <i
                  class="trash alternate outline icon"
                  data-testid="bin"
                  style="color: red; margin-top: 7px;"
                />
              </div>
            </div>
          </div>
        </div>
      </div>
    </div>
  </body>,
  "container": <div>
    <div
      class="ui vertically divided grid"
    >
      <div
        class="one column row"
      >
        <div
          class="ui fixed menu"
        >
          <div
            class="ui container center"
          >
            <h1>
              B1 File Creator
            </h1>
          </div>
        </div>
      </div>
      <div
        class="two column row"
      >
        <div
          class="column"
        >
          <div
            class="ui main"
          >
            <h1
              class="title"
            >
              Input B1 data
            </h1>
            <form
              class="ui form"
            >
              <div
                class="field"
              >
                <label>
                  MPAN
                </label>
                <input
                  data-testid="mpan"
                  name="mpan"
                  placeholder="mpan"
                  type="text"
                  value=""
                />
              </div>
              <div
                class="field"
              >
                <label>
                  MPRN
                </label>
                <input
                  data-testid="mprn"
                  name="mprn"
                  placeholder="mprn"
                  type="text"
                  value=""
                />
              </div>
              <div
                class="field"
              >
                <label>
                  Job Appointment Date
                </label>
                <input
                  data-testid="jad"
                  name="jad"
                  placeholder="jad"
                  type="date"
                  value=""
                />
              </div>
              <div
                class="field"
              >
                <label>
                  Job Type Code
                </label>
                <input
                  data-testid="jtc"
                  name="jtc"
                  placeholder="jtc"
                  type="text"
                  value=""
                />
              </div>
            </form>
            <button
              class="ui button blue"
              disabled=""
            >
              Process B1 file
            </button>
            <button
              class="ui button grey"
            >
              Reset
            </button>
          </div>
        </div>
        <div
          class="column"
        >
          <h1>
            Previous files
          </h1>
          <div
            class="ui celled list inputList"
          >
            <div
              class="item b1Card"
              data-testid="card"
            >
              <div
                class="content"
              >
                <div
                  class="header"
                >
                  1
                </div>
                <div>
                  <b>
                    mprn
                  </b>
                  : 
                  7471856205
                </div>
                <div>
                  <b>
                    mpan
                  </b>
                  : 
                  1591029068761
                </div>
                <div>
                  <b>
                    job appointment date
                  </b>
                  : 
                  jad1
                </div>
                <div>
                  <b>
                    job type code
                  </b>
                  : 
                  jtc1
                </div>
              </div>
              <i
                class="trash alternate outline icon"
                data-testid="bin"
                style="color: red; margin-top: 7px;"
              />
            </div>
            <div
              class="item b1Card"
              data-testid="card"
            >
              <div
                class="content"
              >
                <div
                  class="header"
                >
                  2
                </div>
                <div>
                  <b>
                    mprn
                  </b>
                  : 
                  mprn2
                </div>
                <div>
                  <b>
                    mpan
                  </b>
                  : 
                  mpan2
                </div>
                <div>
                  <b>
                    job appointment date
                  </b>
                  : 
                  jad2
                </div>
                <div>
                  <b>
                    job type code
                  </b>
                  : 
                  jtc2
                </div>
              </div>
              <i
                class="trash alternate outline icon"
                data-testid="bin"
                style="color: red; margin-top: 7px;"
              />
            </div>
          </div>
        </div>
      </div>
    </div>
  </div>,
  "debug": [Function],
  "findAllByAltText": [Function],
  "findAllByDisplayValue": [Function],
  "findAllByLabelText": [Function],
  "findAllByPlaceholderText": [Function],
  "findAllByRole": [Function],
  "findAllByTestId": [Function],
  "findAllByText": [Function],
  "findAllByTitle": [Function],
  "findByAltText": [Function],
  "findByDisplayValue": [Function],
  "findByLabelText": [Function],
  "findByPlaceholderText": [Function],
  "findByRole": [Function],
  "findByTestId": [Function],
  "findByText": [Function],
  "findByTitle": [Function],
  "getAllByAltText": [Function],
  "getAllByDisplayValue": [Function],
  "getAllByLabelText": [Function],
  "getAllByPlaceholderText": [Function],
  "getAllByRole": [Function],
  "getAllByTestId": [Function],
  "getAllByText": [Function],
  "getAllByTitle": [Function],
  "getByAltText": [Function],
  "getByDisplayValue": [Function],
  "getByLabelText": [Function],
  "getByPlaceholderText": [Function],
  "getByRole": [Function],
  "getByTestId": [Function],
  "getByText": [Function],
  "getByTitle": [Function],
  "queryAllByAltText": [Function],
  "queryAllByDisplayValue": [Function],
  "queryAllByLabelText": [Function],
  "queryAllByPlaceholderText": [Function],
  "queryAllByRole": [Function],
  "queryAllByTestId": [Function],
  "queryAllByText": [Function],
  "queryAllByTitle": [Function],
  "queryByAltText": [Function],
  "queryByDisplayValue": [Function],
  "queryByLabelText": [Function],
  "queryByPlaceholderText": [Function],
  "queryByRole": [Function],
  "queryByTestId": [Function],
  "queryByText": [Function],
  "queryByTitle": [Function],
  "rerender": [Function],
  "unmount": [Function],
}
`;
